1     Fe  Fe  Fe  Fe  Fe  Fe  Fe  Fe  1.000  0.000  
2     Ni  Ni  Ni  Ni  Ni  Ni  Ni  Ni  0.000  1.000  
3     Ni  Fe  Fe  Fe  Fe  Fe  Fe  Fe  0.875  0.125  
4     Fe  Ni  Fe  Fe  Fe  Fe  Fe  Fe  0.875  0.125  
5     Fe  Fe  Ni  Fe  Fe  Fe  Fe  Fe  0.875  0.125  
6     Fe  Fe  Fe  Ni  Fe  Fe  Fe  Fe  0.875  0.125  
7     Fe  Fe  Fe  Fe  Ni  Fe  Fe  Fe  0.875  0.125  
8     Fe  Fe  Fe  Fe  Fe  Ni  Fe  Fe  0.875  0.125  
9     Fe  Fe  Fe  Fe  Fe  Fe  Ni  Fe  0.875  0.125  
10    Fe  Fe  Fe  Fe  Fe  Fe  Fe  Ni  0.875  0.125  
11    Ni  Ni  Fe  Fe  Fe  Fe  Fe  Fe  0.750  0.250  
12    Ni  Fe  Ni  Fe  Fe  Fe  Fe  Fe  0.750  0.250  
13    Fe  Ni  Ni  Fe  Fe  Fe  Fe  Fe  0.750  0.250  
14    Ni  Fe  Fe  Ni  Fe  Fe  Fe  Fe  0.750  0.250  
15    Ni  Fe  Fe  Fe  Ni  Fe  Fe  Fe  0.750  0.250  
16    Fe  Ni  Fe  Ni  Fe  Fe  Fe  Fe  0.750  0.250  
17    Fe  Ni  Fe  Fe  Ni  Fe  Fe  Fe  0.750  0.250  
18    Fe  Fe  Ni  Ni  Fe  Fe  Fe  Fe  0.750  0.250  
19    Ni  Fe  Fe  Fe  Fe  Ni  Fe  Fe  0.750  0.250  
20    Ni  Fe  Fe  Fe  Fe  Fe  Ni  Fe  0.750  0.250  
21    Fe  Ni  Fe  Fe  Fe  Ni  Fe  Fe  0.750  0.250  
22    Fe  Fe  Ni  Fe  Ni  Fe  Fe  Fe  0.750  0.250  
23    Fe  Ni  Fe  Fe  Fe  Fe  Ni  Fe  0.750  0.250  
24    Fe  Fe  Fe  Ni  Ni  Fe  Fe  Fe  0.750  0.250  
25    Ni  Fe  Fe  Fe  Fe  Fe  Fe  Ni  0.750  0.250  
26    Fe  Fe  Ni  Fe  Fe  Ni  Fe  Fe  0.750  0.250  
27    Fe  Fe  Ni  Fe  Fe  Fe  Ni  Fe  0.750  0.250  
28    Fe  Ni  Fe  Fe  Fe  Fe  Fe  Ni  0.750  0.250  
29    Fe  Fe  Fe  Ni  Fe  Ni  Fe  Fe  0.750  0.250  
30    Fe  Fe  Fe  Fe  Ni  Ni  Fe  Fe  0.750  0.250  
31    Fe  Fe  Ni  Fe  Fe  Fe  Fe  Ni  0.750  0.250  
32    Fe  Fe  Fe  Ni  Fe  Fe  Ni  Fe  0.750  0.250  
33    Fe  Fe  Fe  Ni  Fe  Fe  Fe  Ni  0.750  0.250  
34    Fe  Fe  Fe  Fe  Ni  Fe  Ni  Fe  0.750  0.250  
35    Fe  Fe  Fe  Fe  Ni  Fe  Fe  Ni  0.750  0.250  
36    Fe  Fe  Fe  Fe  Fe  Ni  Ni  Fe  0.750  0.250  
37    Fe  Fe  Fe  Fe  Fe  Ni  Fe  Ni  0.750  0.250  
38    Fe  Fe  Fe  Fe  Fe  Fe  Ni  Ni  0.750  0.250  
39    Ni  Ni  Ni  Fe  Fe  Fe  Fe  Fe  0.625  0.375  
40    Ni  Ni  Fe  Ni  Fe  Fe  Fe  Fe  0.625  0.375  
41    Ni  Fe  Ni  Ni  Fe  Fe  Fe  Fe  0.625  0.375  
42    Ni  Ni  Fe  Fe  Ni  Fe  Fe  Fe  0.625  0.375  
43    Ni  Ni  Fe  Fe  Fe  Ni  Fe  Fe  0.625  0.375  
44    Fe  Ni  Ni  Ni  Fe  Fe  Fe  Fe  0.625  0.375  
45    Ni  Fe  Ni  Fe  Ni  Fe  Fe  Fe  0.625  0.375  
46    Ni  Fe  Fe  Ni  Ni  Fe  Fe  Fe  0.625  0.375  
47    Ni  Fe  Ni  Fe  Fe  Ni  Fe  Fe  0.625  0.375  
48    Ni  Ni  Fe  Fe  Fe  Fe  Ni  Fe  0.625  0.375  
49    Fe  Ni  Ni  Fe  Ni  Fe  Fe  Fe  0.625  0.375  
50    Ni  Ni  Fe  Fe  Fe  Fe  Fe  Ni  0.625  0.375  
51    Fe  Ni  Ni  Fe  Fe  Ni  Fe  Fe  0.625  0.375  
52    Fe  Ni  Fe  Ni  Ni  Fe  Fe  Fe  0.625  0.375  
53    Ni  Fe  Fe  Ni  Fe  Ni  Fe  Fe  0.625  0.375  
54    Ni  Fe  Ni  Fe  Fe  Fe  Ni  Fe  0.625  0.375  
55    Fe  Fe  Ni  Ni  Ni  Fe  Fe  Fe  0.625  0.375  
56    Ni  Fe  Ni  Fe  Fe  Fe  Fe  Ni  0.625  0.375  
57    Ni  Fe  Fe  Ni  Fe  Fe  Ni  Fe  0.625  0.375  
58    Ni  Fe  Fe  Fe  Ni  Ni  Fe  Fe  0.625  0.375  
59    Fe  Ni  Fe  Ni  Fe  Ni  Fe  Fe  0.625  0.375  
60    Fe  Ni  Ni  Fe  Fe  Fe  Ni  Fe  0.625  0.375  
61    Fe  Ni  Fe  Fe  Ni  Ni  Fe  Fe  0.625  0.375  
62    Ni  Fe  Fe  Ni  Fe  Fe  Fe  Ni  0.625  0.375  
63    Ni  Fe  Fe  Fe  Ni  Fe  Ni  Fe  0.625  0.375  
64    Fe  Ni  Fe  Ni  Fe  Fe  Ni  Fe  0.625  0.375  
65    Fe  Fe  Ni  Ni  Fe  Ni  Fe  Fe  0.625  0.375  
66    Fe  Ni  Ni  Fe  Fe  Fe  Fe  Ni  0.625  0.375  
67    Fe  Ni  Fe  Ni  Fe  Fe  Fe  Ni  0.625  0.375  
68    Fe  Ni  Fe  Fe  Ni  Fe  Ni  Fe  0.625  0.375  
69    Ni  Fe  Fe  Fe  Ni  Fe  Fe  Ni  0.625  0.375  
70    Fe  Fe  Ni  Fe  Ni  Ni  Fe  Fe  0.625  0.375  
71    Ni  Fe  Fe  Fe  Fe  Ni  Ni  Fe  0.625  0.375  
72    Fe  Fe  Ni  Ni  Fe  Fe  Ni  Fe  0.625  0.375  
73    Fe  Ni  Fe  Fe  Fe  Ni  Ni  Fe  0.625  0.375  
74    Fe  Ni  Fe  Fe  Ni  Fe  Fe  Ni  0.625  0.375  
75    Fe  Fe  Fe  Ni  Ni  Ni  Fe  Fe  0.625  0.375  
76    Ni  Fe  Fe  Fe  Fe  Ni  Fe  Ni  0.625  0.375  
77    Fe  Fe  Ni  Ni  Fe  Fe  Fe  Ni  0.625  0.375  
78    Fe  Fe  Ni  Fe  Ni  Fe  Ni  Fe  0.625  0.375  
79    Fe  Fe  Ni  Fe  Fe  Ni  Ni  Fe  0.625  0.375  
80    Fe  Ni  Fe  Fe  Fe  Ni  Fe  Ni  0.625  0.375  
81    Fe  Fe  Ni  Fe  Ni  Fe  Fe  Ni  0.625  0.375  
82    Ni  Fe  Fe  Fe  Fe  Fe  Ni  Ni  0.625  0.375  
83    Fe  Fe  Fe  Ni  Ni  Fe  Ni  Fe  0.625  0.375  
84    Fe  Fe  Fe  Ni  Ni  Fe  Fe  Ni  0.625  0.375  
85    Fe  Fe  Fe  Ni  Fe  Ni  Ni  Fe  0.625  0.375  
86    Fe  Ni  Fe  Fe  Fe  Fe  Ni  Ni  0.625  0.375  
87    Fe  Fe  Ni  Fe  Fe  Ni  Fe  Ni  0.625  0.375  
88    Fe  Fe  Fe  Fe  Ni  Ni  Ni  Fe  0.625  0.375  
89    Fe  Fe  Ni  Fe  Fe  Fe  Ni  Ni  0.625  0.375  
90    Fe  Fe  Fe  Ni  Fe  Ni  Fe  Ni  0.625  0.375  
91    Fe  Fe  Fe  Ni  Fe  Fe  Ni  Ni  0.625  0.375  
92    Fe  Fe  Fe  Fe  Ni  Ni  Fe  Ni  0.625  0.375  
93    Fe  Fe  Fe  Fe  Ni  Fe  Ni  Ni  0.625  0.375  
94    Fe  Fe  Fe  Fe  Fe  Ni  Ni  Ni  0.625  0.375  
95    Ni  Ni  Ni  Ni  Fe  Fe  Fe  Fe  0.500  0.500  
96    Ni  Ni  Ni  Fe  Ni  Fe  Fe  Fe  0.500  0.500  
97    Ni  Ni  Fe  Ni  Ni  Fe  Fe  Fe  0.500  0.500  
98    Ni  Ni  Ni  Fe  Fe  Ni  Fe  Fe  0.500  0.500  
99    Ni  Ni  Ni  Fe  Fe  Fe  Ni  Fe  0.500  0.500  
100   Ni  Fe  Ni  Ni  Ni  Fe  Fe  Fe  0.500  0.500  
101   Ni  Ni  Fe  Ni  Fe  Ni  Fe  Fe  0.500  0.500  
102   Ni  Ni  Fe  Fe  Ni  Ni  Fe  Fe  0.500  0.500  
103   Ni  Ni  Fe  Ni  Fe  Fe  Ni  Fe  0.500  0.500  
104   Ni  Fe  Ni  Ni  Fe  Ni  Fe  Fe  0.500  0.500  
105   Ni  Ni  Ni  Fe  Fe  Fe  Fe  Ni  0.500  0.500  
106   Fe  Ni  Ni  Ni  Ni  Fe  Fe  Fe  0.500  0.500  
107   Ni  Fe  Ni  Ni  Fe  Fe  Ni  Fe  0.500  0.500  
108   Ni  Ni  Fe  Ni  Fe  Fe  Fe  Ni  0.500  0.500  
109   Fe  Ni  Ni  Ni  Fe  Ni  Fe  Fe  0.500  0.500  
110   Ni  Ni  Fe  Fe  Ni  Fe  Ni  Fe  0.500  0.500  
111   Ni  Fe  Ni  Fe  Ni  Ni  Fe  Fe  0.500  0.500  
112   Ni  Fe  Fe  Ni  Ni  Ni  Fe  Fe  0.500  0.500  
113   Fe  Ni  Ni  Ni  Fe  Fe  Ni  Fe  0.500  0.500  
114   Ni  Fe  Ni  Ni  Fe  Fe  Fe  Ni  0.500  0.500  
115   Fe  Ni  Ni  Fe  Ni  Ni  Fe  Fe  0.500  0.500  
116   Ni  Ni  Fe  Fe  Fe  Ni  Ni  Fe  0.500  0.500  
117   Ni  Fe  Ni  Fe  Ni  Fe  Ni  Fe  0.500  0.500  
118   Ni  Ni  Fe  Fe  Ni  Fe  Fe  Ni  0.500  0.500  
119   Fe  Ni  Fe  Ni  Ni  Ni  Fe  Fe  0.500  0.500  
120   Fe  Ni  Ni  Fe  Ni  Fe  Ni  Fe  0.500  0.500  
121   Ni  Fe  Ni  Fe  Ni  Fe  Fe  Ni  0.500  0.500  
122   Fe  Ni  Ni  Ni  Fe  Fe  Fe  Ni  0.500  0.500  
123   Ni  Fe  Fe  Ni  Ni  Fe  Ni  Fe  0.500  0.500  
124   Ni  Fe  Ni  Fe  Fe  Ni  Ni  Fe  0.500  0.500  
125   Ni  Ni  Fe  Fe  Fe  Ni  Fe  Ni  0.500  0.500  
126   Fe  Ni  Fe  Ni  Ni  Fe  Ni  Fe  0.500  0.500  
127   Fe  Fe  Ni  Ni  Ni  Ni  Fe  Fe  0.500  0.500  
128   Ni  Fe  Fe  Ni  Ni  Fe  Fe  Ni  0.500  0.500  
129   Ni  Fe  Ni  Fe  Fe  Ni  Fe  Ni  0.500  0.500  
130   Ni  Ni  Fe  Fe  Fe  Fe  Ni  Ni  0.500  0.500  
131   Fe  Ni  Ni  Fe  Fe  Ni  Ni  Fe  0.500  0.500  
132   Fe  Ni  Ni  Fe  Ni  Fe  Fe  Ni  0.500  0.500  
133   Ni  Fe  Fe  Ni  Fe  Ni  Ni  Fe  0.500  0.500  
134   Ni  Fe  Fe  Fe  Ni  Ni  Ni  Fe  0.500  0.500  
135   Ni  Fe  Fe  Ni  Fe  Ni  Fe  Ni  0.500  0.500  
136   Fe  Ni  Fe  Ni  Ni  Fe  Fe  Ni  0.500  0.500  
137   Ni  Fe  Ni  Fe  Fe  Fe  Ni  Ni  0.500  0.500  
138   Fe  Fe  Ni  Ni  Ni  Fe  Ni  Fe  0.500  0.500  
139   Fe  Ni  Ni  Fe  Fe  Ni  Fe  Ni  0.500  0.500  
140   Fe  Ni  Fe  Ni  Fe  Ni  Ni  Fe  0.500  0.500  
141   Fe  Ni  Fe  Ni  Fe  Ni  Fe  Ni  0.500  0.500  
142   Fe  Ni  Ni  Fe  Fe  Fe  Ni  Ni  0.500  0.500  
143   Fe  Fe  Ni  Ni  Ni  Fe  Fe  Ni  0.500  0.500  
144   Ni  Fe  Fe  Ni  Fe  Fe  Ni  Ni  0.500  0.500  
145   Ni  Fe  Fe  Fe  Ni  Ni  Fe  Ni  0.500  0.500  
146   Fe  Ni  Fe  Fe  Ni  Ni  Ni  Fe  0.500  0.500  
147   Fe  Fe  Ni  Ni  Fe  Ni  Ni  Fe  0.500  0.500  
148   Fe  Ni  Fe  Ni  Fe  Fe  Ni  Ni  0.500  0.500  
149   Fe  Fe  Ni  Fe  Ni  Ni  Ni  Fe  0.500  0.500  
150   Ni  Fe  Fe  Fe  Ni  Fe  Ni  Ni  0.500  0.500  
151   Fe  Fe  Ni  Ni  Fe  Ni  Fe  Ni  0.500  0.500  
152   Fe  Ni  Fe  Fe  Ni  Ni  Fe  Ni  0.500  0.500  
153   Fe  Fe  Ni  Fe  Ni  Ni  Fe  Ni  0.500  0.500  
154   Fe  Ni  Fe  Fe  Ni  Fe  Ni  Ni  0.500  0.500  
155   Fe  Fe  Ni  Ni  Fe  Fe  Ni  Ni  0.500  0.500  
156   Ni  Fe  Fe  Fe  Fe  Ni  Ni  Ni  0.500  0.500  
157   Fe  Fe  Fe  Ni  Ni  Ni  Ni  Fe  0.500  0.500  
158   Fe  Fe  Ni  Fe  Ni  Fe  Ni  Ni  0.500  0.500  
159   Fe  Ni  Fe  Fe  Fe  Ni  Ni  Ni  0.500  0.500  
160   Fe  Fe  Fe  Ni  Ni  Ni  Fe  Ni  0.500  0.500  
161   Fe  Fe  Ni  Fe  Fe  Ni  Ni  Ni  0.500  0.500  
162   Fe  Fe  Fe  Ni  Ni  Fe  Ni  Ni  0.500  0.500  
163   Fe  Fe  Fe  Ni  Fe  Ni  Ni  Ni  0.500  0.500  
164   Fe  Fe  Fe  Fe  Ni  Ni  Ni  Ni  0.500  0.500  
165   Ni  Ni  Ni  Ni  Ni  Fe  Fe  Fe  0.375  0.625  
166   Ni  Ni  Ni  Ni  Fe  Ni  Fe  Fe  0.375  0.625  
167   Ni  Ni  Ni  Fe  Ni  Ni  Fe  Fe  0.375  0.625  
168   Ni  Ni  Ni  Ni  Fe  Fe  Ni  Fe  0.375  0.625  
169   Ni  Ni  Fe  Ni  Ni  Ni  Fe  Fe  0.375  0.625  
170   Ni  Ni  Ni  Fe  Ni  Fe  Ni  Fe  0.375  0.625  
171   Ni  Ni  Ni  Ni  Fe  Fe  Fe  Ni  0.375  0.625  
172   Ni  Ni  Ni  Fe  Fe  Ni  Ni  Fe  0.375  0.625  
173   Ni  Ni  Fe  Ni  Ni  Fe  Ni  Fe  0.375  0.625  
174   Ni  Fe  Ni  Ni  Ni  Ni  Fe  Fe  0.375  0.625  
175   Ni  Ni  Ni  Fe  Ni  Fe  Fe  Ni  0.375  0.625  
176   Fe  Ni  Ni  Ni  Ni  Ni  Fe  Fe  0.375  0.625  
177   Ni  Ni  Ni  Fe  Fe  Ni  Fe  Ni  0.375  0.625  
178   Ni  Fe  Ni  Ni  Ni  Fe  Ni  Fe  0.375  0.625  
179   Ni  Ni  Fe  Ni  Fe  Ni  Ni  Fe  0.375  0.625  
180   Ni  Ni  Fe  Ni  Ni  Fe  Fe  Ni  0.375  0.625  
181   Fe  Ni  Ni  Ni  Ni  Fe  Ni  Fe  0.375  0.625  
182   Ni  Fe  Ni  Ni  Fe  Ni  Ni  Fe  0.375  0.625  
183   Ni  Ni  Fe  Fe  Ni  Ni  Ni  Fe  0.375  0.625  
184   Ni  Ni  Ni  Fe  Fe  Fe  Ni  Ni  0.375  0.625  
185   Ni  Ni  Fe  Ni  Fe  Ni  Fe  Ni  0.375  0.625  
186   Ni  Fe  Ni  Ni  Ni  Fe  Fe  Ni  0.375  0.625  
187   Ni  Fe  Ni  Ni  Fe  Ni  Fe  Ni  0.375  0.625  
188   Ni  Ni  Fe  Fe  Ni  Ni  Fe  Ni  0.375  0.625  
189   Fe  Ni  Ni  Ni  Ni  Fe  Fe  Ni  0.375  0.625  
190   Fe  Ni  Ni  Ni  Fe  Ni  Ni  Fe  0.375  0.625  
191   Ni  Ni  Fe  Ni  Fe  Fe  Ni  Ni  0.375  0.625  
192   Ni  Fe  Ni  Fe  Ni  Ni  Ni  Fe  0.375  0.625  
193   Fe  Ni  Ni  Fe  Ni  Ni  Ni  Fe  0.375  0.625  
194   Ni  Fe  Fe  Ni  Ni  Ni  Ni  Fe  0.375  0.625  
195   Ni  Ni  Fe  Fe  Ni  Fe  Ni  Ni  0.375  0.625  
196   Ni  Fe  Ni  Fe  Ni  Ni  Fe  Ni  0.375  0.625  
197   Ni  Fe  Ni  Ni  Fe  Fe  Ni  Ni  0.375  0.625  
198   Fe  Ni  Ni  Ni  Fe  Ni  Fe  Ni  0.375  0.625  
199   Fe  Ni  Fe  Ni  Ni  Ni  Ni  Fe  0.375  0.625  
200   Ni  Ni  Fe  Fe  Fe  Ni  Ni  Ni  0.375  0.625  
201   Ni  Fe  Ni  Fe  Ni  Fe  Ni  Ni  0.375  0.625  
202   Ni  Fe  Fe  Ni  Ni  Ni  Fe  Ni  0.375  0.625  
203   Fe  Ni  Ni  Fe  Ni  Ni  Fe  Ni  0.375  0.625  
204   Fe  Ni  Ni  Ni  Fe  Fe  Ni  Ni  0.375  0.625  
205   Fe  Fe  Ni  Ni  Ni  Ni  Ni  Fe  0.375  0.625  
206   Ni  Fe  Ni  Fe  Fe  Ni  Ni  Ni  0.375  0.625  
207   Fe  Ni  Ni  Fe  Ni  Fe  Ni  Ni  0.375  0.625  
208   Fe  Ni  Fe  Ni  Ni  Ni  Fe  Ni  0.375  0.625  
209   Ni  Fe  Fe  Ni  Ni  Fe  Ni  Ni  0.375  0.625  
210   Fe  Fe  Ni  Ni  Ni  Ni  Fe  Ni  0.375  0.625  
211   Ni  Fe  Fe  Ni  Fe  Ni  Ni  Ni  0.375  0.625  
212   Fe  Ni  Fe  Ni  Ni  Fe  Ni  Ni  0.375  0.625  
213   Fe  Ni  Ni  Fe  Fe  Ni  Ni  Ni  0.375  0.625  
214   Fe  Fe  Ni  Ni  Ni  Fe  Ni  Ni  0.375  0.625  
215   Ni  Fe  Fe  Fe  Ni  Ni  Ni  Ni  0.375  0.625  
216   Fe  Ni  Fe  Ni  Fe  Ni  Ni  Ni  0.375  0.625  
217   Fe  Ni  Fe  Fe  Ni  Ni  Ni  Ni  0.375  0.625  
218   Fe  Fe  Ni  Ni  Fe  Ni  Ni  Ni  0.375  0.625  
219   Fe  Fe  Ni  Fe  Ni  Ni  Ni  Ni  0.375  0.625  
220   Fe  Fe  Fe  Ni  Ni  Ni  Ni  Ni  0.375  0.625  
221   Ni  Ni  Ni  Ni  Ni  Ni  Fe  Fe  0.250  0.750  
222   Ni  Ni  Ni  Ni  Ni  Fe  Ni  Fe  0.250  0.750  
223   Ni  Ni  Ni  Ni  Fe  Ni  Ni  Fe  0.250  0.750  
224   Ni  Ni  Ni  Ni  Ni  Fe  Fe  Ni  0.250  0.750  
225   Ni  Ni  Ni  Ni  Fe  Ni  Fe  Ni  0.250  0.750  
226   Ni  Ni  Ni  Fe  Ni  Ni  Ni  Fe  0.250  0.750  
227   Ni  Ni  Ni  Fe  Ni  Ni  Fe  Ni  0.250  0.750  
228   Ni  Ni  Ni  Ni  Fe  Fe  Ni  Ni  0.250  0.750  
229   Ni  Ni  Fe  Ni  Ni  Ni  Ni  Fe  0.250  0.750  
230   Ni  Ni  Ni  Fe  Ni  Fe  Ni  Ni  0.250  0.750  
231   Ni  Ni  Fe  Ni  Ni  Ni  Fe  Ni  0.250  0.750  
232   Ni  Fe  Ni  Ni  Ni  Ni  Ni  Fe  0.250  0.750  
233   Fe  Ni  Ni  Ni  Ni  Ni  Ni  Fe  0.250  0.750  
234   Ni  Ni  Ni  Fe  Fe  Ni  Ni  Ni  0.250  0.750  
235   Ni  Fe  Ni  Ni  Ni  Ni  Fe  Ni  0.250  0.750  
236   Ni  Ni  Fe  Ni  Ni  Fe  Ni  Ni  0.250  0.750  
237   Ni  Ni  Fe  Ni  Fe  Ni  Ni  Ni  0.250  0.750  
238   Fe  Ni  Ni  Ni  Ni  Ni  Fe  Ni  0.250  0.750  
239   Ni  Fe  Ni  Ni  Ni  Fe  Ni  Ni  0.250  0.750  
240   Ni  Fe  Ni  Ni  Fe  Ni  Ni  Ni  0.250  0.750  
241   Fe  Ni  Ni  Ni  Ni  Fe  Ni  Ni  0.250  0.750  
242   Ni  Ni  Fe  Fe  Ni  Ni  Ni  Ni  0.250  0.750  
243   Fe  Ni  Ni  Ni  Fe  Ni  Ni  Ni  0.250  0.750  
244   Ni  Fe  Ni  Fe  Ni  Ni  Ni  Ni  0.250  0.750  
245   Ni  Fe  Fe  Ni  Ni  Ni  Ni  Ni  0.250  0.750  
246   Fe  Ni  Ni  Fe  Ni  Ni  Ni  Ni  0.250  0.750  
247   Fe  Ni  Fe  Ni  Ni  Ni  Ni  Ni  0.250  0.750  
248   Fe  Fe  Ni  Ni  Ni  Ni  Ni  Ni  0.250  0.750  
249   Ni  Ni  Ni  Ni  Ni  Ni  Ni  Fe  0.125  0.875  
250   Ni  Ni  Ni  Ni  Ni  Ni  Fe  Ni  0.125  0.875  
251   Ni  Ni  Ni  Ni  Ni  Fe  Ni  Ni  0.125  0.875  
252   Ni  Ni  Ni  Ni  Fe  Ni  Ni  Ni  0.125  0.875  
253   Ni  Ni  Ni  Fe  Ni  Ni  Ni  Ni  0.125  0.875  
254   Ni  Ni  Fe  Ni  Ni  Ni  Ni  Ni  0.125  0.875  
255   Ni  Fe  Ni  Ni  Ni  Ni  Ni  Ni  0.125  0.875  
256   Fe  Ni  Ni  Ni  Ni  Ni  Ni  Ni  0.125  0.875  
