1     Fe  Fe  1.000  0.000  
2     Ni  Ni  0.000  1.000  
3     Ni  Fe  0.750  0.250  
4     Fe  Ni  0.250  0.750  
